// Jest Snapshot v1, https://goo.gl/fbAQLP

exports[`Card can render 1`] = `
<div
  class="card"
>
  <a
    class="card-title"
    href="https://www.seznam.cz"
    rel="noreferrer"
    target="_blank"
  >
    <h3>
      Test card
       Â»
    </h3>
  </a>
  <p
    class="card-content"
  >
    Some content of the card.
  </p>
</div>
`;
